#-----------------------------------------------------------
# Vivado v2017.4 (64-bit)
# SW Build 2086221 on Fri Dec 15 20:55:39 MST 2017
# IP Build 2085800 on Fri Dec 15 22:25:07 MST 2017
# Start of session at: Fri Mar 23 20:15:58 2018
# Process ID: 2632
# Current directory: C:/Users/shash/Desktop/EE316/lab4part2
# Command line: vivado.exe -gui_launcher_event rodinguilauncherevent4644 C:\Users\shash\Desktop\EE316\lab4part2\lab4part2.xpr
# Log file: C:/Users/shash/Desktop/EE316/lab4part2/vivado.log
# Journal file: C:/Users/shash/Desktop/EE316/lab4part2\vivado.jou
#-----------------------------------------------------------
start_gui
open_project C:/Users/shash/Desktop/EE316/lab4part2/lab4part2.xpr
update_compile_order -fileset sources_1
file mkdir C:/Users/shash/Desktop/EE316/lab4part2/lab4part2.srcs/sim_1/new
set_property SOURCE_SET sources_1 [get_filesets sim_1]
close [ open C:/Users/shash/Desktop/EE316/lab4part2/lab4part2.srcs/sim_1/new/tb_rising_edge_detector.v w ]
add_files -fileset sim_1 C:/Users/shash/Desktop/EE316/lab4part2/lab4part2.srcs/sim_1/new/tb_rising_edge_detector.v
update_compile_order -fileset sim_1
# Disabling source management mode.  This is to allow the top design properties to be set without GUI intervention.
set_property source_mgmt_mode None [current_project]
set_property top tb_rising_edge_detector [get_filesets sim_1]
set_property top_lib xil_defaultlib [get_filesets sim_1]
# Re-enabling previously disabled source management mode.
set_property source_mgmt_mode All [current_project]
update_compile_order -fileset sim_1
launch_simulation
source tb_rising_edge_detector.tcl
close_sim
